
> medical-ai-platform-frontend@1.0.0 test
> jest frontend/tests/unit/pages/chat.test.tsx

  console.error
    Failed to fetch sessions ReferenceError: fetch is not defined
        at fetchSessions (C:\Users\DHIMAN SAIKIA\OneDrive\Desktop\Vaidya AI\frontend\pages\chat.tsx:65:29)

    [0m [90m 71 |[39m                 }
     [90m 72 |[39m             } [36mcatch[39m (error) {
    [31m[1m>[22m[39m[90m 73 |[39m                 console[33m.[39merror([32m'Failed to fetch sessions'[39m[33m,[39m error)
     [90m    |[39m                         [31m[1m^[22m[39m
     [90m 74 |[39m             }
     [90m 75 |[39m         }
     [90m 76 |[39m         fetchSessions()[0m

      at error (pages/chat.tsx:73:25)

  console.error
    Failed to fetch sessions ReferenceError: fetch is not defined
        at fetchSessions (C:\Users\DHIMAN SAIKIA\OneDrive\Desktop\Vaidya AI\frontend\pages\chat.tsx:65:29)

    [0m [90m 71 |[39m                 }
     [90m 72 |[39m             } [36mcatch[39m (error) {
    [31m[1m>[22m[39m[90m 73 |[39m                 console[33m.[39merror([32m'Failed to fetch sessions'[39m[33m,[39m error)
     [90m    |[39m                         [31m[1m^[22m[39m
     [90m 74 |[39m             }
     [90m 75 |[39m         }
     [90m 76 |[39m         fetchSessions()[0m

      at error (pages/chat.tsx:73:25)

  console.error
    Failed to fetch sessions ReferenceError: fetch is not defined
        at fetchSessions (C:\Users\DHIMAN SAIKIA\OneDrive\Desktop\Vaidya AI\frontend\pages\chat.tsx:65:29)

    [0m [90m 71 |[39m                 }
     [90m 72 |[39m             } [36mcatch[39m (error) {
    [31m[1m>[22m[39m[90m 73 |[39m                 console[33m.[39merror([32m'Failed to fetch sessions'[39m[33m,[39m error)
     [90m    |[39m                         [31m[1m^[22m[39m
     [90m 74 |[39m             }
     [90m 75 |[39m         }
     [90m 76 |[39m         fetchSessions()[0m

      at error (pages/chat.tsx:73:25)

  console.error
    Failed to fetch sessions ReferenceError: fetch is not defined
        at fetchSessions (C:\Users\DHIMAN SAIKIA\OneDrive\Desktop\Vaidya AI\frontend\pages\chat.tsx:65:29)
        at runNextTicks (node:internal/process/task_queues:65:5)
        at listOnTimeout (node:internal/timers:549:9)
        at processTimers (node:internal/timers:523:7)

    [0m [90m 71 |[39m                 }
     [90m 72 |[39m             } [36mcatch[39m (error) {
    [31m[1m>[22m[39m[90m 73 |[39m                 console[33m.[39merror([32m'Failed to fetch sessions'[39m[33m,[39m error)
     [90m    |[39m                         [31m[1m^[22m[39m
     [90m 74 |[39m             }
     [90m 75 |[39m         }
     [90m 76 |[39m         fetchSessions()[0m

      at error (pages/chat.tsx:73:25)

node.exe : FAIL tests/unit/pages/chat.test.tsx (7.061 s)
At C:\Users\DHIMAN SAIKIA\AppData\Roaming\npm\npm.ps1:24 char:5
+     & "node$exe"  "$basedir/node_modules/npm/bin/npm-cli.js" $args
+     ~~~~~~~~~~~~~~~~~~~~~~~~~~~~~~~~~~~~~~~~~~~~~~~~~~~~~~~~~~~~~~
    + CategoryInfo          : NotSpecified: (FAIL tests/unit...t.tsx (7.061 s):String) [], Re 
   moteException
    + FullyQualifiedErrorId : NativeCommandError
 
  Chat Page - Protected Route
    ΓêÜ redirects unauthenticated users to login page (153 ms)
    ΓêÜ renders chat interface for authenticated users (361 ms)
    ΓêÜ displays email when name is not available (142 ms)
    ΓêÜ redirects to login when auth state changes to unauthenticated (124 ms)
    ΓêÜ shows loading state initially (11 ms)
    ├ù calls signOut and redirects when logout button is clicked (2383 ms)

  ΓùÅ Chat Page - Protected Route ΓÇ║ calls signOut and redirects when logout button is 
clicked

    TestingLibraryElementError: Unable to find an accessible element with the role "button" 
and name `/logout/i`

    Here are the accessible roles:

      button:

      Name "Collapse sidebar":
      [36m<button[39m
        [33mstyle[39m=[32m"background: rgba(255, 255, 255, 0.1); border-radius: 6px; 
padding: 6px 8px; cursor: pointer; color: white; font-size: 14px; display: flex; align-items: 
center; justify-content: center;"[39m
        [33mtitle[39m=[32m"Collapse sidebar"[39m
      [36m/>[39m

      Name "Upgrade ΓåÆ":
      [36m<button[39m
        [33mstyle[39m=[32m"width: 100%; padding: 10px; background-color: rgb(102, 126, 
234); color: white; border-radius: 8px; font-size: 14px; font-weight: bold; cursor: pointer; 
transition: all 0.2s ease;"[39m
      [36m/>[39m

      Name "≡ƒöö":
      [36m<button[39m
        [33mclass[39m=[32m"jsx-488584b51d28afe1"[39m
        [33mstyle[39m=[32m"background: none; cursor: pointer; font-size: 18px; color: 
rgb(107, 114, 128); padding: 8px; border-radius: 8px; display: flex; align-items: center; 
justify-content: center;"[39m
      [36m/>[39m

      Name "New Chat":
      [36m<button[39m
        [33mclass[39m=[32m"jsx-ab9a472ec0eed345 new-chat-btn"[39m
      [36m/>[39m

      Name "Start Chatting":
      [36m<button[39m
        [33mclass[39m=[32m"jsx-ab9a472ec0eed345 start-btn"[39m
      [36m/>[39m

      --------------------------------------------------
      navigation:

      Name "":
      [36m<nav[39m
        [33mclass[39m=[32m"jsx-4eb6d257b90f3aee"[39m
        [33mstyle[39m=[32m"flex: 1; padding: 10px 0px; overflow-y: auto;"[39m
      [36m/>[39m

      --------------------------------------------------
      link:

      Name "≡ƒÅá Dashboard":
      [36m<a[39m
        [33mhref[39m=[32m"/dashboard"[39m
        [33mstyle[39m=[32m"display: flex; align-items: center; gap: 12px; padding: 12px 
20px; justify-content: flex-start; color: white; text-decoration: none; background-color: 
transparent; border-left: 3px solid transparent; transition: all 0.2s ease; cursor: 
pointer;"[39m
      [36m/>[39m

      Name "≡ƒÆ¼ Chat":
      [36m<a[39m
        [33mhref[39m=[32m"/chat"[39m
        [33mstyle[39m=[32m"display: flex; align-items: center; gap: 12px; padding: 12px 
20px; justify-content: flex-start; color: white; text-decoration: none; background-color: 
rgba(255, 255, 255, 0.1); border-left: 3px solid #667eea; transition: all 0.2s ease; cursor: 
pointer;"[39m
      [36m/>[39m

      Name "≡ƒÄ┤ Flashcards":
      [36m<a[39m
        [33mhref[39m=[32m"/flashcards"[39m
        [33mstyle[39m=[32m"display: flex; align-items: center; gap: 12px; padding: 12px 
20px; justify-content: flex-start; color: white; text-decoration: none; background-color: 
transparent; border-left: 3px solid transparent; transition: all 0.2s ease; cursor: 
pointer;"[39m
      [36m/>[39m

      Name "Γ£ô MCQs":
      [36m<a[39m
        [33mhref[39m=[32m"/mcqs"[39m
        [33mstyle[39m=[32m"display: flex; align-items: center; gap: 12px; padding: 12px 
20px; justify-content: flex-start; color: white; text-decoration: none; background-color: 
transparent; border-left: 3px solid transparent; transition: all 0.2s ease; cursor: 
pointer;"[39m
      [36m/>[39m

      Name "Γ¡É High Yield":
      [36m<a[39m
        [33mhref[39m=[32m"/highyield"[39m
        [33mstyle[39m=[32m"display: flex; align-items: center; gap: 12px; padding: 12px 
20px; justify-content: flex-start; color: white; text-decoration: none; background-color: 
transparent; border-left: 3px solid transparent; transition: all 0.2s ease; cursor: 
pointer;"[39m
      [36m/>[39m

      Name "≡ƒôÜ Explain":
      [36m<a[39m
        [33mhref[39m=[32m"/explain"[39m
        [33mstyle[39m=[32m"display: flex; align-items: center; gap: 12px; padding: 12px 
20px; justify-content: flex-start; color: white; text-decoration: none; background-color: 
transparent; border-left: 3px solid transparent; transition: all 0.2s ease; cursor: 
pointer;"[39m
      [36m/>[39m

      Name "≡ƒù║∩╕Å Concept Map":
      [36m<a[39m
        [33mhref[39m=[32m"/conceptmap"[39m
        [33mstyle[39m=[32m"display: flex; align-items: center; gap: 12px; padding: 12px 
20px; justify-content: flex-start; color: white; text-decoration: none; background-color: 
transparent; border-left: 3px solid transparent; transition: all 0.2s ease; cursor: 
pointer;"[39m
      [36m/>[39m

      Name "≡ƒºá Clinical Reasoning":
      [36m<a[39m
        [33mhref[39m=[32m"/clinical-reasoning"[39m
        [33mstyle[39m=[32m"display: flex; align-items: center; gap: 12px; padding: 12px 
20px; justify-content: flex-start; color: white; text-decoration: none; background-color: 
transparent; border-left: 3px solid transparent; transition: all 0.2s ease; cursor: 
pointer;"[39m
      [36m/>[39m

      Name "≡ƒæ¿ΓÇìΓÜò∩╕Å OSCE":
      [36m<a[39m
        [33mhref[39m=[32m"/osce"[39m
        [33mstyle[39m=[32m"display: flex; align-items: center; gap: 12px; padding: 12px 
20px; justify-content: flex-start; color: white; text-decoration: none; background-color: 
transparent; border-left: 3px solid transparent; transition: all 0.2s ease; cursor: 
pointer;"[39m
      [36m/>[39m

      Name "≡ƒôä Documents":
      [36m<a[39m
        [33mhref[39m=[32m"/documents"[39m
        [33mstyle[39m=[32m"display: flex; align-items: center; gap: 12px; padding: 12px 
20px; justify-content: flex-start; color: white; text-decoration: none; background-color: 
transparent; border-left: 3px solid transparent; transition: all 0.2s ease; cursor: 
pointer;"[39m
      [36m/>[39m

      Name "≡ƒæñ Profile":
      [36m<a[39m
        [33mhref[39m=[32m"/profile"[39m
        [33mstyle[39m=[32m"display: flex; align-items: center; gap: 12px; padding: 12px 
20px; justify-content: flex-start; color: white; text-decoration: none; background-color: 
transparent; border-left: 3px solid transparent; transition: all 0.2s ease; cursor: 
pointer;"[39m
      [36m/>[39m

      --------------------------------------------------
      heading:

      Name "Chat":
      [36m<h1[39m
        [33mclass[39m=[32m"jsx-488584b51d28afe1"[39m
        [33mstyle[39m=[32m"font-size: 18px; font-weight: 800; margin: 0px; color: rgb(30, 
41, 59); letter-spacing: -0.025em;"[39m
      [36m/>[39m

      Name "Medical AI Platform":
      [36m<h1[39m
        [33mclass[39m=[32m"jsx-ab9a472ec0eed345"[39m
      [36m/>[39m

      --------------------------------------------------
      main:

      Name "":
      [36m<main[39m
        [33mclass[39m=[32m"jsx-488584b51d28afe1"[39m
        [33mstyle[39m=[32m"padding: 0px;"[39m
      [36m/>[39m

      --------------------------------------------------

    Ignored nodes: comments, script, style
    [36m<body>[39m
      [36m<div>[39m
        [36m<div[39m
          [33mclass[39m=[32m"jsx-488584b51d28afe1"[39m
          [33mstyle[39m=[32m"display: flex; min-height: 100vh; background-color: rgb(253, 
251, 247);"[39m
        [36m>[39m
          [36m<div[39m
            [33mdata-lenis-prevent[39m=[32m"true"[39m
            [33mstyle[39m=[32m"width: 240px; height: 100vh; background-color: rgb(44, 62, 
80); color: white; display: flex; flex-direction: column; position: fixed; left: 0px; top: 
0px; overflow: hidden; transition: width 0.2s ease; z-index: 100;"[39m
          [36m>[39m
            [36m<div[39m
              [33mstyle[39m=[32m"padding: 20px; border-bottom: 1px solid rgba(255, 255, 
255, 0.1); display: flex; align-items: center; justify-content: space-between; gap: 10px; 
min-height: 72px;"[39m
            [36m>[39m
              [36m<div[39m
                [33mstyle[39m=[32m"display: flex; align-items: center; gap: 10px;"[39m
              [36m>[39m
                [36m<div[39m
                  [33mstyle[39m=[32m"width: 32px; height: 32px; border-radius: 8px; 
display: flex; align-items: center; justify-content: center; font-size: 18px; font-weight: 
bold; flex-shrink: 0;"[39m
                [36m>[39m
                  [0mV[0m
                [36m</div>[39m
                [36m<span[39m
                  [33mstyle[39m=[32m"font-size: 20px; font-weight: bold; white-space: 
nowrap;"[39m
                [36m>[39m
                  [0mVaidya AI[0m
                [36m</span>[39m
              [36m</div>[39m
              [36m<button[39m
                [33mstyle[39m=[32m"background: rgba(255, 255, 255, 0.1); border-radius: 
6px; padding: 6px 8px; cursor: pointer; color: white; font-size: 14px; display: flex; 
align-items: center; justify-content: center;"[39m
                [33mtitle[39m=[32m"Collapse sidebar"[39m
              [36m>[39m
                [36m<svg[39m
                  [33mfill[39m=[32m"none"[39m
                  [33mheight[39m=[32m"18"[39m
                  [33mstroke[39m=[32m"currentColor"[39m
                  [33mstroke-linecap[39m=[32m"round"[39m
                  [33mstroke-linejoin[39m=[32m"round"[39m
                  [33mstroke-width[39m=[32m"2"[39m
                  [33mviewBox[39m=[32m"0 0 24 24"[39m
                  [33mwidth[39m=[32m"18"[39m
                [36m>[39m
                  [36m<rect[39m
                    [33mheight[39m=[32m"18"[39m
                    [33mrx[39m=[32m"2"[39m
                    [33mwidth[39m=[32m"18"[39m
                    [33mx[39m=[32m"3"[39m
                    [33my[39m=[32m"3"[39m
                  [36m/>[39m
                  [36m<path[39m
                    [33md[39m=[32m"M9 3v18"[39m
                  [36m/>[39m
                  [36m<path[39m
                    [33md[39m=[32m"m14 9-3 3 3 3"[39m
                  [36m/>[39m
                [36m</svg>[39m
              [36m</button>[39m
            [36m</div>[39m
            [36m<nav[39m
              [33mclass[39m=[32m"jsx-4eb6d257b90f3aee"[39m
              [33mstyle[39m=[32m"flex: 1; padding: 10px 0px; overflow-y: auto;"[39m
            [36m>[39m
              [36m<a[39m
                [33mhref[39m=[32m"/dashboard"[39m
                [33mstyle[39m=[32m"display: flex; align-items: center; gap: 12px; padding: 
12px 20px; justify-content: flex-start; color: white; text-decoration: none; 
background-color: transparent; border-left: 3px solid transparent; transition: all 0.2s ease; 
cursor: pointer;"[39m
              [36m>[39m
                [36m<span[39m
                  [33mclass[39m=[32m"jsx-4eb6d257b90f3aee"[39m
                  [33mstyle[39m=[32m"font-size: 20px; flex-shrink: 0;"[39m
                [36m>[39m
                  [0m≡ƒÅá[0m
                [36m</span>[39m
                [36m<span[39m
                  [33mclass[39m=[32m"jsx-4eb6d257b90f3aee"[39m
                  [33mstyle[39m=[32m"font-size: 15px; white-space: nowrap;"[39m
                [36m>[39m
                  [0mDashboard[0m
                [36m</span>[39m
              [36m</a>[39m
              [36m<a[39m
                [33mhref[39m=[32m"/chat"[39m
                [33mstyle[39m=[32m"display: flex; align-items: center; gap: 12px; padding: 
12px 20px; justify-content: flex-start; color: white; text-decoration: none; 
background-color: rgba(255, 255, 255, 0.1); border-left: 3px solid #667eea; transition: all 
0.2s ease; cursor: pointer;"[39m
              [36m>[39m
                [36m<span[39m
                  [33mclass[39m=[32m"jsx-4eb6d257b90f3aee"[39m
                  [33mstyle[39m=[32m"font-size: 20px; flex-shrink: 0;"[39m
                [36m>[39m
                  [0m≡ƒÆ¼[0m
                [36m</span>[39m
                [36m<span[39m
                  [33mclass[39m=[32m"jsx-4eb6d257b90f3aee"[39m
                  [33mstyle[39m=[32m"font-size: 15px; white-space: nowrap;"[39m
                [36m>[39m
                  [0mChat[0m
                [36m</span>[39m
              [36m</a>[39m
              [36m<a[39m
                [33mhref[39m=[32m"/flashcards"[39m
                [33mstyle[39m=[32m"display: flex; align-items: center; gap: 12px; padding: 
12px 20px; justify-content: flex-start; color: white; text-decoration: none; 
background-color: transparent; border-left: 3px solid transparent; transition: all 0.2s ease; 
cursor: pointer;"[39m
              [36m>[39m
                [36m<span[39m
                  [33mclass[39m=[32m"jsx-4eb6d257b90f3aee"[39m
                  [33mstyle[39m=[32m"font-size: 20px; flex-shrink: 0;"[39m
                [36m>[39m
                  [0m≡ƒÄ┤[0m
                [36m</span>[39m
                [36m<span[39m
                  [33mclass[39m=[32m"jsx-4eb6d257b90f3aee"[39m
                  [33mstyle[39m=[32m"font-size: 15px; white-space: nowrap;"[39m
                [36m>[39m
                  [0mFlashcards[0m
                [36m</span>[39m
              [36m</a>[39m
              [36m<a[39m
                [33mhref[39m=[32m"/mcqs"[39m
                [33mstyle[39m=[32m"display: flex; align-items: center; gap: 12px; padding: 
12px 20px; justify-content: flex-start; color: white; text-decoration: none; 
background-color: transparent; border-left: 3px solid transparent; transition: all 0.2s ease; 
cursor: pointer;"[39m
              [36m>[39m
                [36m<span[39m
                  [33mclass[39m=[32m"jsx-4eb6d257b90f3aee"[39m
                  [33mstyle[39m=[32m"font-size: 20px; flex-shrink: 0;"[39m
                [36m>[39m
                  [0mΓ£ô[0m
                [36m</span>[39m
                [36m<span[39m
                  [33mclass[39m=[32m"jsx-4eb6d257b90f3aee"[39m
                  [33mstyle[39m=[32m"font-size: 15px; white-space: nowrap;"[39m
                [36m>[39m
                  [0mMCQs[0m
                [36m</span>[39m
              [36m</a>[39m
              [36m<a[39m
                [33mhref[39m=[32m"/highyield"[39m
                [33mstyle[39m=[32m"display: flex; align-items: center; gap: 12px; padding: 
12px 20px; justify-content: flex-start; color: white; text-decoration: none; 
background-color: transparent; border-left: 3px solid transparent; transition: all 0....

    [0m [90m 193 |[39m     })
     [90m 194 |[39m     
    [31m[1m>[22m[39m[90m 195 |[39m     [36mconst[39m logoutButton [33m=[39m 
screen[33m.[39mgetByRole([32m'button'[39m[33m,[39m { name[33m:[39m 
[35m/logout/i[39m })
     [90m     |[39m                                 [31m[1m^[22m[39m
     [90m 196 |[39m     logoutButton[33m.[39mclick()
     [90m 197 |[39m     
     [90m 198 |[39m     [36mawait[39m waitFor(() [33m=>[39m {[0m

      at Object.getElementError (node_modules/@testing-library/dom/dist/config.js:37:19)
      at node_modules/@testing-library/dom/dist/query-helpers.js:76:38
      at node_modules/@testing-library/dom/dist/query-helpers.js:52:17
      at node_modules/@testing-library/dom/dist/query-helpers.js:95:19
      at Object.getByRole (tests/unit/pages/chat.test.tsx:195:33)

Test Suites: 1 failed, 1 total
Tests:       1 failed, 5 passed, 6 total
Snapshots:   0 total
Time:        10.085 s
Ran all test suites matching /frontend\\tests\\unit\\pages\\chat.test.tsx/i.
